V3 34
FL C:/HardwareLab/Blatt6/PlanAhead_Blatt6/PlanAhead_Blatt6.srcs/sources_1/imports/Blatt6/ArmConfiguration.vhd 2014/01/06.13:22:17 P.20131013
PH work/ArmConfiguration 1482852363 \
      FL C:/HardwareLab/Blatt6/PlanAhead_Blatt6/PlanAhead_Blatt6.srcs/sources_1/imports/Blatt6/ArmConfiguration.vhd \
      PB ieee/std_logic_1164 1381692176 PB ieee/NUMERIC_STD 1381692181 \
      PB work/ArmTypes 1482852354
FL C:/HardwareLab/Blatt6/PlanAhead_Blatt6/PlanAhead_Blatt6.srcs/sources_1/imports/Blatt6/ArmFilePaths.vhd 2014/01/06.13:22:17 P.20131013
PH work/ArmFilePaths 1482852364 \
      FL C:/HardwareLab/Blatt6/PlanAhead_Blatt6/PlanAhead_Blatt6.srcs/sources_1/imports/Blatt6/ArmFilePaths.vhd
PB work/ArmFilePaths 1482852365 \
      FL C:/HardwareLab/Blatt6/PlanAhead_Blatt6/PlanAhead_Blatt6.srcs/sources_1/imports/Blatt6/ArmFilePaths.vhd \
      PH work/ArmFilePaths 1482852364
FL C:/HardwareLab/Blatt6/PlanAhead_Blatt6/PlanAhead_Blatt6.srcs/sources_1/imports/Blatt6/ArmRegisterBitAdder.vhd 2016/12/26.20:18:31 P.20131013
EN work/ArmRegisterBitAdder 1482852368 \
      FL C:/HardwareLab/Blatt6/PlanAhead_Blatt6/PlanAhead_Blatt6.srcs/sources_1/imports/Blatt6/ArmRegisterBitAdder.vhd \
      PB ieee/std_logic_1164 1381692176 PB ieee/NUMERIC_STD 1381692181
AR work/ArmRegisterBitAdder/structure 1482852369 \
      FL C:/HardwareLab/Blatt6/PlanAhead_Blatt6/PlanAhead_Blatt6.srcs/sources_1/imports/Blatt6/ArmRegisterBitAdder.vhd \
      EN work/ArmRegisterBitAdder 1482852368 CP work/half_adder \
      CP work/two_bit_adder CP work/three_bit_adder CP work/four_bit_adder
FL C:/HardwareLab/Blatt6/PlanAhead_Blatt6/PlanAhead_Blatt6.srcs/sources_1/imports/Blatt6/ArmTypes.vhd 2014/01/06.13:22:17 P.20131013
PH work/ArmTypes 1482852353 \
      FL C:/HardwareLab/Blatt6/PlanAhead_Blatt6/PlanAhead_Blatt6.srcs/sources_1/imports/Blatt6/ArmTypes.vhd \
      PB ieee/std_logic_1164 1381692176
PB work/ArmTypes 1482852354 \
      FL C:/HardwareLab/Blatt6/PlanAhead_Blatt6/PlanAhead_Blatt6.srcs/sources_1/imports/Blatt6/ArmTypes.vhd \
      PH work/ArmTypes 1482852353
FL C:/HardwareLab/Blatt6/PlanAhead_Blatt6/PlanAhead_Blatt6.srcs/sources_1/imports/Blatt6/four_bit_adder.vhd 2016/12/26.19:48:07 P.20131013
EN work/four_bit_adder 1482852361 \
      FL C:/HardwareLab/Blatt6/PlanAhead_Blatt6/PlanAhead_Blatt6.srcs/sources_1/imports/Blatt6/four_bit_adder.vhd \
      PB ieee/std_logic_1164 1381692176 PB ieee/NUMERIC_STD 1381692181
AR work/four_bit_adder/structure 1482852362 \
      FL C:/HardwareLab/Blatt6/PlanAhead_Blatt6/PlanAhead_Blatt6.srcs/sources_1/imports/Blatt6/four_bit_adder.vhd \
      EN work/four_bit_adder 1482852361 CP work/full_adder
FL C:/HardwareLab/Blatt6/PlanAhead_Blatt6/PlanAhead_Blatt6.srcs/sources_1/imports/Blatt6/full_adder.vhd 2016/12/20.19:41:15 P.20131013
EN work/full_adder 1482852351 \
      FL C:/HardwareLab/Blatt6/PlanAhead_Blatt6/PlanAhead_Blatt6.srcs/sources_1/imports/Blatt6/full_adder.vhd \
      PB ieee/std_logic_1164 1381692176 PB ieee/NUMERIC_STD 1381692181
AR work/full_adder/structure 1482852352 \
      FL C:/HardwareLab/Blatt6/PlanAhead_Blatt6/PlanAhead_Blatt6.srcs/sources_1/imports/Blatt6/full_adder.vhd \
      EN work/full_adder 1482852351
FL C:/HardwareLab/Blatt6/PlanAhead_Blatt6/PlanAhead_Blatt6.srcs/sources_1/imports/Blatt6/half_adder.vhd 2016/12/20.19:44:01 P.20131013
EN work/half_adder 1482852355 \
      FL C:/HardwareLab/Blatt6/PlanAhead_Blatt6/PlanAhead_Blatt6.srcs/sources_1/imports/Blatt6/half_adder.vhd \
      PB ieee/std_logic_1164 1381692176 PB ieee/NUMERIC_STD 1381692181
AR work/half_adder/structure 1482852356 \
      FL C:/HardwareLab/Blatt6/PlanAhead_Blatt6/PlanAhead_Blatt6.srcs/sources_1/imports/Blatt6/half_adder.vhd \
      EN work/half_adder 1482852355
FL C:/HardwareLab/Blatt6/PlanAhead_Blatt6/PlanAhead_Blatt6.srcs/sources_1/imports/Blatt6/TB_Tools.vhd 2014/01/06.13:22:17 P.20131013
PH work/TB_Tools 1482852366 \
      FL C:/HardwareLab/Blatt6/PlanAhead_Blatt6/PlanAhead_Blatt6.srcs/sources_1/imports/Blatt6/TB_Tools.vhd \
      PB std/TEXTIO 1381692176 PB ieee/std_logic_1164 1381692176 \
      PB ieee/NUMERIC_STD 1381692181 PB ieee/STD_LOGIC_TEXTIO 1381692180 \
      PB work/ArmTypes 1482852354 PH work/ArmConfiguration 1482852363 \
      PB work/ArmFilePaths 1482852365
PB work/TB_Tools 1482852367 \
      FL C:/HardwareLab/Blatt6/PlanAhead_Blatt6/PlanAhead_Blatt6.srcs/sources_1/imports/Blatt6/TB_Tools.vhd \
      PH work/TB_Tools 1482852366
FL C:/HardwareLab/Blatt6/PlanAhead_Blatt6/PlanAhead_Blatt6.srcs/sources_1/imports/Blatt6/three_bit_adder.vhd 2016/12/26.19:47:43 P.20131013
EN work/three_bit_adder 1482852359 \
      FL C:/HardwareLab/Blatt6/PlanAhead_Blatt6/PlanAhead_Blatt6.srcs/sources_1/imports/Blatt6/three_bit_adder.vhd \
      PB ieee/std_logic_1164 1381692176 PB ieee/NUMERIC_STD 1381692181
AR work/three_bit_adder/structure 1482852360 \
      FL C:/HardwareLab/Blatt6/PlanAhead_Blatt6/PlanAhead_Blatt6.srcs/sources_1/imports/Blatt6/three_bit_adder.vhd \
      EN work/three_bit_adder 1482852359 CP work/full_adder
FL C:/HardwareLab/Blatt6/PlanAhead_Blatt6/PlanAhead_Blatt6.srcs/sources_1/imports/Blatt6/two_bit_adder.vhd 2016/12/25.23:26:03 P.20131013
EN work/two_bit_adder 1482852357 \
      FL C:/HardwareLab/Blatt6/PlanAhead_Blatt6/PlanAhead_Blatt6.srcs/sources_1/imports/Blatt6/two_bit_adder.vhd \
      PB ieee/std_logic_1164 1381692176 PB ieee/NUMERIC_STD 1381692181
AR work/two_bit_adder/structure 1482852358 \
      FL C:/HardwareLab/Blatt6/PlanAhead_Blatt6/PlanAhead_Blatt6.srcs/sources_1/imports/Blatt6/two_bit_adder.vhd \
      EN work/two_bit_adder 1482852357
