V3 3
FL C:/HardwareLab/Blatt2/PlanAhead_Blatt2/PlanAhead_Blatt2.srcs/sources_1/imports/Blatt2/ArmRAMB_4kx8.vhd 2016/11/27.19:03:41 P.20131013
EN work/ArmRAMB_4kx8 1480336128 \
      FL C:/HardwareLab/Blatt2/PlanAhead_Blatt2/PlanAhead_Blatt2.srcs/sources_1/imports/Blatt2/ArmRAMB_4kx8.vhd \
      PB ieee/std_logic_1164 1381692176 PB ieee/MATH_REAL 1381692182 \
      PB ieee/NUMERIC_STD 1381692181
AR work/ArmRAMB_4kx8/behavioral 1480336129 \
      FL C:/HardwareLab/Blatt2/PlanAhead_Blatt2/PlanAhead_Blatt2.srcs/sources_1/imports/Blatt2/ArmRAMB_4kx8.vhd \
      EN work/ArmRAMB_4kx8 1480336128
