V3 14
FL C:/HardwareLab/Blatt1/PlanAhead_Blatt1/PlanAhead_Blatt1.srcs/sources_1/imports/Blatt1/ArmInstructionAddressRegister.vhd 2016/11/19.19:56:11 P.20131013
EN work/ArmInstructionAddressRegister 1479583769 \
      FL C:/HardwareLab/Blatt1/PlanAhead_Blatt1/PlanAhead_Blatt1.srcs/sources_1/imports/Blatt1/ArmInstructionAddressRegister.vhd \
      PB ieee/std_logic_1164 1381692176 PB ieee/NUMERIC_STD 1381692181 \
      PB work/ArmTypes 1479583764
AR work/ArmInstructionAddressRegister/behave 1479583770 \
      FL C:/HardwareLab/Blatt1/PlanAhead_Blatt1/PlanAhead_Blatt1.srcs/sources_1/imports/Blatt1/ArmInstructionAddressRegister.vhd \
      EN work/ArmInstructionAddressRegister 1479583769 CP mux2 CP ArmRamBuffer
FL C:/HardwareLab/Blatt1/PlanAhead_Blatt1/PlanAhead_Blatt1.srcs/sources_1/imports/Blatt1/ArmRamBuffer.vhd 2014/01/06.13:22:17 P.20131013
EN work/ArmRamBuffer 1479583767 \
      FL C:/HardwareLab/Blatt1/PlanAhead_Blatt1/PlanAhead_Blatt1.srcs/sources_1/imports/Blatt1/ArmRamBuffer.vhd \
      PB ieee/std_logic_1164 1381692176 PB ieee/NUMERIC_STD 1381692181
AR work/ArmRamBuffer/behavioral 1479583768 \
      FL C:/HardwareLab/Blatt1/PlanAhead_Blatt1/PlanAhead_Blatt1.srcs/sources_1/imports/Blatt1/ArmRamBuffer.vhd \
      EN work/ArmRamBuffer 1479583767
FL C:/HardwareLab/Blatt1/PlanAhead_Blatt1/PlanAhead_Blatt1.srcs/sources_1/imports/Blatt1/ArmTypes.vhd 2014/01/06.13:22:17 P.20131013
PH work/ArmTypes 1479583763 \
      FL C:/HardwareLab/Blatt1/PlanAhead_Blatt1/PlanAhead_Blatt1.srcs/sources_1/imports/Blatt1/ArmTypes.vhd \
      PB ieee/std_logic_1164 1381692176
PB work/ArmTypes 1479583764 \
      FL C:/HardwareLab/Blatt1/PlanAhead_Blatt1/PlanAhead_Blatt1.srcs/sources_1/imports/Blatt1/ArmTypes.vhd \
      PH work/ArmTypes 1479583763
FL C:/HardwareLab/Blatt1/PlanAhead_Blatt1/PlanAhead_Blatt1.srcs/sources_1/imports/Blatt1/mux2.vhd 2016/11/12.20:34:34 P.20131013
EN work/mux2 1479583765 \
      FL C:/HardwareLab/Blatt1/PlanAhead_Blatt1/PlanAhead_Blatt1.srcs/sources_1/imports/Blatt1/mux2.vhd \
      PB ieee/std_logic_1164 1381692176
AR work/mux2/behavioral 1479583766 \
      FL C:/HardwareLab/Blatt1/PlanAhead_Blatt1/PlanAhead_Blatt1.srcs/sources_1/imports/Blatt1/mux2.vhd \
      EN work/mux2 1479583765
