V3 3
FL C:/HardwareLab/Blatt4/PlanAhead_Blatt4/PlanAhead_Blatt4.srcs/sources_1/imports/Blatt4/Ampel.vhd 2016/12/03.18:14:22 P.20131013
EN work/Ampel 1480787178 \
      FL C:/HardwareLab/Blatt4/PlanAhead_Blatt4/PlanAhead_Blatt4.srcs/sources_1/imports/Blatt4/Ampel.vhd \
      PB ieee/std_logic_1164 1381692176
AR work/Ampel/behave 1480787179 \
      FL C:/HardwareLab/Blatt4/PlanAhead_Blatt4/PlanAhead_Blatt4.srcs/sources_1/imports/Blatt4/Ampel.vhd \
      EN work/Ampel 1480787178
