EN four_bit_adder NULL C:/HardwareLab/Blatt6/PlanAhead_Blatt5/PlanAhead_Blatt5.srcs/sources_1/imports/Blatt6/four_bit_adder.vhd sub00/vhpl08 1482779992
EN two_bit_adder NULL C:/HardwareLab/Blatt6/PlanAhead_Blatt5/PlanAhead_Blatt5.srcs/sources_1/imports/Blatt6/two_bit_adder.vhd sub00/vhpl04 1482779988
EN half_adder NULL C:/HardwareLab/Blatt6/PlanAhead_Blatt5/PlanAhead_Blatt5.srcs/sources_1/imports/Blatt6/half_adder.vhd sub00/vhpl02 1482779986
EN three_bit_adder NULL C:/HardwareLab/Blatt6/PlanAhead_Blatt5/PlanAhead_Blatt5.srcs/sources_1/imports/Blatt6/three_bit_adder.vhd sub00/vhpl06 1482779990
AR four_bit_adder structure C:/HardwareLab/Blatt6/PlanAhead_Blatt5/PlanAhead_Blatt5.srcs/sources_1/imports/Blatt6/four_bit_adder.vhd sub00/vhpl09 1482779993
AR armregisterbitadder structure C:/HardwareLab/Blatt6/PlanAhead_Blatt5/PlanAhead_Blatt5.srcs/sources_1/imports/Blatt6/ArmRegisterBitAdder.vhd sub00/vhpl11 1482779995
EN full_adder NULL C:/HardwareLab/Blatt6/PlanAhead_Blatt5/PlanAhead_Blatt5.srcs/sources_1/imports/Blatt6/full_adder.vhd sub00/vhpl00 1482779984
AR three_bit_adder structure C:/HardwareLab/Blatt6/PlanAhead_Blatt5/PlanAhead_Blatt5.srcs/sources_1/imports/Blatt6/three_bit_adder.vhd sub00/vhpl07 1482779991
AR full_adder structure C:/HardwareLab/Blatt6/PlanAhead_Blatt5/PlanAhead_Blatt5.srcs/sources_1/imports/Blatt6/full_adder.vhd sub00/vhpl01 1482779985
AR half_adder structure C:/HardwareLab/Blatt6/PlanAhead_Blatt5/PlanAhead_Blatt5.srcs/sources_1/imports/Blatt6/half_adder.vhd sub00/vhpl03 1482779987
AR two_bit_adder structure C:/HardwareLab/Blatt6/PlanAhead_Blatt5/PlanAhead_Blatt5.srcs/sources_1/imports/Blatt6/two_bit_adder.vhd sub00/vhpl05 1482779989
EN armregisterbitadder NULL C:/HardwareLab/Blatt6/PlanAhead_Blatt5/PlanAhead_Blatt5.srcs/sources_1/imports/Blatt6/ArmRegisterBitAdder.vhd sub00/vhpl10 1482779994
