V3 23
FL C:/HardwareLab/Blatt6/PlanAhead_Blatt5/PlanAhead_Blatt5.srcs/sources_1/imports/Blatt6/ArmRegisterBitAdder.vhd 2016/12/26.20:18:31 P.20131013
EN work/ArmRegisterBitAdder 1482779994 \
      FL C:/HardwareLab/Blatt6/PlanAhead_Blatt5/PlanAhead_Blatt5.srcs/sources_1/imports/Blatt6/ArmRegisterBitAdder.vhd \
      PB ieee/std_logic_1164 1381692176 PB ieee/NUMERIC_STD 1381692181
AR work/ArmRegisterBitAdder/structure 1482779995 \
      FL C:/HardwareLab/Blatt6/PlanAhead_Blatt5/PlanAhead_Blatt5.srcs/sources_1/imports/Blatt6/ArmRegisterBitAdder.vhd \
      EN work/ArmRegisterBitAdder 1482779994 CP work/half_adder \
      CP work/two_bit_adder CP work/three_bit_adder CP work/four_bit_adder
FL C:/HardwareLab/Blatt6/PlanAhead_Blatt5/PlanAhead_Blatt5.srcs/sources_1/imports/Blatt6/four_bit_adder.vhd 2016/12/26.19:48:07 P.20131013
EN work/four_bit_adder 1482779992 \
      FL C:/HardwareLab/Blatt6/PlanAhead_Blatt5/PlanAhead_Blatt5.srcs/sources_1/imports/Blatt6/four_bit_adder.vhd \
      PB ieee/std_logic_1164 1381692176 PB ieee/NUMERIC_STD 1381692181
AR work/four_bit_adder/structure 1482779993 \
      FL C:/HardwareLab/Blatt6/PlanAhead_Blatt5/PlanAhead_Blatt5.srcs/sources_1/imports/Blatt6/four_bit_adder.vhd \
      EN work/four_bit_adder 1482779992 CP work/full_adder
FL C:/HardwareLab/Blatt6/PlanAhead_Blatt5/PlanAhead_Blatt5.srcs/sources_1/imports/Blatt6/full_adder.vhd 2016/12/20.19:41:15 P.20131013
EN work/full_adder 1482779984 \
      FL C:/HardwareLab/Blatt6/PlanAhead_Blatt5/PlanAhead_Blatt5.srcs/sources_1/imports/Blatt6/full_adder.vhd \
      PB ieee/std_logic_1164 1381692176 PB ieee/NUMERIC_STD 1381692181
AR work/full_adder/structure 1482779985 \
      FL C:/HardwareLab/Blatt6/PlanAhead_Blatt5/PlanAhead_Blatt5.srcs/sources_1/imports/Blatt6/full_adder.vhd \
      EN work/full_adder 1482779984
FL C:/HardwareLab/Blatt6/PlanAhead_Blatt5/PlanAhead_Blatt5.srcs/sources_1/imports/Blatt6/half_adder.vhd 2016/12/20.19:44:01 P.20131013
EN work/half_adder 1482779986 \
      FL C:/HardwareLab/Blatt6/PlanAhead_Blatt5/PlanAhead_Blatt5.srcs/sources_1/imports/Blatt6/half_adder.vhd \
      PB ieee/std_logic_1164 1381692176 PB ieee/NUMERIC_STD 1381692181
AR work/half_adder/structure 1482779987 \
      FL C:/HardwareLab/Blatt6/PlanAhead_Blatt5/PlanAhead_Blatt5.srcs/sources_1/imports/Blatt6/half_adder.vhd \
      EN work/half_adder 1482779986
FL C:/HardwareLab/Blatt6/PlanAhead_Blatt5/PlanAhead_Blatt5.srcs/sources_1/imports/Blatt6/three_bit_adder.vhd 2016/12/26.19:47:43 P.20131013
EN work/three_bit_adder 1482779990 \
      FL C:/HardwareLab/Blatt6/PlanAhead_Blatt5/PlanAhead_Blatt5.srcs/sources_1/imports/Blatt6/three_bit_adder.vhd \
      PB ieee/std_logic_1164 1381692176 PB ieee/NUMERIC_STD 1381692181
AR work/three_bit_adder/structure 1482779991 \
      FL C:/HardwareLab/Blatt6/PlanAhead_Blatt5/PlanAhead_Blatt5.srcs/sources_1/imports/Blatt6/three_bit_adder.vhd \
      EN work/three_bit_adder 1482779990 CP work/full_adder
FL C:/HardwareLab/Blatt6/PlanAhead_Blatt5/PlanAhead_Blatt5.srcs/sources_1/imports/Blatt6/two_bit_adder.vhd 2016/12/25.23:26:03 P.20131013
EN work/two_bit_adder 1482779988 \
      FL C:/HardwareLab/Blatt6/PlanAhead_Blatt5/PlanAhead_Blatt5.srcs/sources_1/imports/Blatt6/two_bit_adder.vhd \
      PB ieee/std_logic_1164 1381692176 PB ieee/NUMERIC_STD 1381692181
AR work/two_bit_adder/structure 1482779989 \
      FL C:/HardwareLab/Blatt6/PlanAhead_Blatt5/PlanAhead_Blatt5.srcs/sources_1/imports/Blatt6/two_bit_adder.vhd \
      EN work/two_bit_adder 1482779988
